SQL> alter table employees
  2  modify (last_name VARCHAR(60));

Table altered.

SQL> desc employees
 Name                                      Null?    Type
 ----------------------------------------- -------- ----------------------------
 EMPLOYEE_ID                               NOT NULL NUMBER(6)
 FIRST_NAME                                         VARCHAR2(20)
 LAST_NAME                                 NOT NULL VARCHAR2(60)
 EMAIL                                     NOT NULL VARCHAR2(25)
 PHONE_NUMBER                                       VARCHAR2(20)
 HIRE_DATE                                 NOT NULL DATE
 JOB_ID                                    NOT NULL VARCHAR2(10)
 SALARY                                             NUMBER(8,2)
 COMMISSION_PCT                                     NUMBER(2,2)
 MANAGER_ID                                         NUMBER(6)
 DEPARTMENT_ID                                      NUMBER(4)

SQL> create table employees2 as
  2  select employee_id,first_name,last_name,salary,department_id
  3  from employees;
create table employees2 as
             *
ERROR at line 1:
ORA-00955: name is already used by an existing object 


SQL> create table employees2 as
  2  select employee_id,first_name,last_name,salary,department_id
  3  from employees;
create table employees2 as
             *
ERROR at line 1:
ORA-00955: name is already used by an existing object 


SQL> create table employee2 as
  2  select employee_id,first_name,last_name,salary,department_id
  3  from employees;

Table created.

SQL> desc employee2;
 Name                                      Null?    Type
 ----------------------------------------- -------- ----------------------------
 EMPLOYEE_ID                                        NUMBER(6)
 FIRST_NAME                                         VARCHAR2(20)
 LAST_NAME                                 NOT NULL VARCHAR2(60)
 SALARY                                             NUMBER(8,2)
 DEPARTMENT_ID                                      NUMBER(4)

SQL> 
SQL> rename employees2 to emptab;
rename employees2 to emptab
*
ERROR at line 1:
ORA-04043: object EMPLOYEES2 does not exist 


SQL> rename employee2 to emptab;
rename employee2 to emptab
                    *
ERROR at line 1:
ORA-00955: name is already used by an existing object 


SQL> rename employee2 to emp_tab;

Table renamed.

SQL> rename employees2 to emptab;
rename employees2 to emptab
*
ERROR at line 1:
ORA-04043: object EMPLOYEES2 does not exist 


SQL> comment on table employees is 'Employee information';

Comment created.

SQL> alter table employee
  2  drop column first_name;
alter table employee
*
ERROR at line 1:
ORA-00942: table or view does not exist 


SQL> alter table employees
  2  drop column first_name;

Table altered.

SQL> desc employees;
 Name                                      Null?    Type
 ----------------------------------------- -------- ----------------------------
 EMPLOYEE_ID                               NOT NULL NUMBER(6)
 LAST_NAME                                 NOT NULL VARCHAR2(60)
 EMAIL                                     NOT NULL VARCHAR2(25)
 PHONE_NUMBER                                       VARCHAR2(20)
 HIRE_DATE                                 NOT NULL DATE
 JOB_ID                                    NOT NULL VARCHAR2(10)
 SALARY                                             NUMBER(8,2)
 COMMISSION_PCT                                     NUMBER(2,2)
 MANAGER_ID                                         NUMBER(6)
 DEPARTMENT_ID                                      NUMBER(4)

SQL> alter table employees
  2  set unused(department_id);
set unused(department_id)
           *
ERROR at line 2:
ORA-00904: "DEPARTMENT_ID": invalid identifier 


SQL> alter table employees
  2  set unused(department_id);
set unused(department_id)
           *
ERROR at line 2:
ORA-00904: "DEPARTMENT_ID": invalid identifier 


SQL> alter table employees
  2  set unused(commission_pct);

Table altered.

SQL> desc employees;
 Name                                      Null?    Type
 ----------------------------------------- -------- ----------------------------
 EMPLOYEE_ID                               NOT NULL NUMBER(6)
 LAST_NAME                                 NOT NULL VARCHAR2(60)
 EMAIL                                     NOT NULL VARCHAR2(25)
 PHONE_NUMBER                                       VARCHAR2(20)
 HIRE_DATE                                 NOT NULL DATE
 SALARY                                             NUMBER(8,2)
 MANAGER_ID                                         NUMBER(6)

SQL> spool off;
